2026-09-13 22:20:48,328:DEBUG:certbot._internal.main:certbot version: 5.8.0
2026-09-13 22:20:48,328:DEBUG:certbot._internal.main:Location of certbot entry point: /usr/local/bin/certbot
2026-09-13 22:20:48,328:DEBUG:certbot._internal.main:Arguments: ['--dns-cloudflare', '--dns-cloudflare-credentials', '/etc/letsencrypt/cloudflare.ini', '--dns-cloudflare-propagation-seconds', '30', '-d', 'sensorhub.andy.net.ar', '-d', '*.sensorhub.andy.net.ar', '--email', 'pecotcheandrestv@gmail.com', '--agree-tos', '--no-eff-email', '--non-interactive']
2026-09-13 22:20:48,328:DEBUG:certbot._internal.main:Discovered plugins: PluginsRegistry(PluginEntryPoint#dns-cloudflare,PluginEntryPoint#manual,PluginEntryPoint#null,PluginEntryPoint#standalone,PluginEntryPoint#webroot)
2026-09-13 22:20:48,353:DEBUG:certbot._internal.log:Root logging level set at 30
2026-09-13 22:20:48,355:DEBUG:certbot._internal.plugins.selection:Requested authenticator dns-cloudflare and installer None
2026-09-13 22:20:48,355:DEBUG:certbot._internal.plugins.selection:Single candidate plugin: * dns-cloudflare
Description: Obtain certificates using a DNS TXT record (if you are using Cloudflare for DNS).
Interfaces: Authenticator, Plugin
Entry point: EntryPoint(name='dns-cloudflare', value='certbot_dns_cloudflare._internal.dns_cloudflare:Authenticator', group='certbot.plugins')
Initialized: <certbot_dns_cloudflare._internal.dns_cloudflare.Authenticator object at 0x7f181314f620>
Prep: True
2026-09-13 22:20:48,356:DEBUG:certbot._internal.plugins.selection:Selected authenticator <certbot_dns_cloudflare._internal.dns_cloudflare.Authenticator object at 0x7f181314f620> and installer None
2026-09-13 22:20:48,356:INFO:certbot._internal.plugins.selection:Plugins selected: Authenticator dns-cloudflare, Installer None
2026-09-13 22:20:48,492:DEBUG:certbot._internal.main:Picked account: <Account(RegistrationResource(body=Registration(key=None, contact=(), agreement=None, status=None, terms_of_service_agreed=None, only_return_existing=None, external_account_binding=None), uri='https://acme-v02.api.letsencrypt.org/acme/acct/3744826186', new_authzr_uri=None, terms_of_service=None), 207a50deaa559784335fb146212bb839, Meta(creation_dt=datetime.datetime(2026, 9, 13, 21, 33, 36, tzinfo=datetime.timezone.utc), creation_host='e5756f30be74', register_to_eff=None))>
2026-09-13 22:20:48,493:DEBUG:acme.client:Sending GET request to https://acme-v02.api.letsencrypt.org/directory.
2026-09-13 22:20:48,496:DEBUG:urllib3.connectionpool:Starting new HTTPS connection (1): acme-v02.api.letsencrypt.org:443
2026-09-13 22:20:49,143:DEBUG:urllib3.connectionpool:https://acme-v02.api.letsencrypt.org:443 "GET /directory HTTP/1.1" 200 961
2026-09-13 22:20:49,144:DEBUG:acme.client:Received response:
HTTP 200
Server: nginx
Date: Sun, 13 Sep 2026 22:20:49 GMT
Content-Type: application/json
Content-Length: 961
Connection: keep-alive
Cache-Control: public, max-age=0, no-cache
X-Frame-Options: DENY
Strict-Transport-Security: max-age=604800

{
  "keyChange": "https://acme-v02.api.letsencrypt.org/acme/key-change",
  "mMY7kEEnlLM": "https://community.letsencrypt.org/t/adding-random-entries-to-the-directory/33417",
  "meta": {
    "caaIdentities": [
      "letsencrypt.org"
    ],
    "profiles": {
      "classic": "https://letsencrypt.org/docs/profiles#classic",
      "shortlived": "https://letsencrypt.org/docs/profiles#shortlived",
      "tlsserver": "https://letsencrypt.org/docs/profiles#tlsserver"
    },
    "termsOfService": "https://letsencrypt.org/documents/LE-SA-v1.8-July-06-2026.pdf",
    "website": "https://letsencrypt.org"
  },
  "newAccount": "https://acme-v02.api.letsencrypt.org/acme/new-acct",
  "newNonce": "https://acme-v02.api.letsencrypt.org/acme/new-nonce",
  "newOrder": "https://acme-v02.api.letsencrypt.org/acme/new-order",
  "renewalInfo": "https://acme-v02.api.letsencrypt.org/acme/renewal-info",
  "revokeCert": "https://acme-v02.api.letsencrypt.org/acme/revoke-cert"
}
2026-09-13 22:20:49,153:DEBUG:acme.client:Sending GET request to https://acme-v02.api.letsencrypt.org/directory.
2026-09-13 22:20:49,155:DEBUG:urllib3.connectionpool:Starting new HTTPS connection (1): acme-v02.api.letsencrypt.org:443
2026-09-13 22:20:49,746:DEBUG:urllib3.connectionpool:https://acme-v02.api.letsencrypt.org:443 "GET /directory HTTP/1.1" 200 961
2026-09-13 22:20:49,751:DEBUG:acme.client:Received response:
HTTP 200
Server: nginx
Date: Sun, 13 Sep 2026 22:20:49 GMT
Content-Type: application/json
Content-Length: 961
Connection: keep-alive
Cache-Control: public, max-age=0, no-cache
X-Frame-Options: DENY
Strict-Transport-Security: max-age=604800

{
  "keyChange": "https://acme-v02.api.letsencrypt.org/acme/key-change",
  "meta": {
    "caaIdentities": [
      "letsencrypt.org"
    ],
    "profiles": {
      "classic": "https://letsencrypt.org/docs/profiles#classic",
      "shortlived": "https://letsencrypt.org/docs/profiles#shortlived",
      "tlsserver": "https://letsencrypt.org/docs/profiles#tlsserver"
    },
    "termsOfService": "https://letsencrypt.org/documents/LE-SA-v1.8-July-06-2026.pdf",
    "website": "https://letsencrypt.org"
  },
  "newAccount": "https://acme-v02.api.letsencrypt.org/acme/new-acct",
  "newNonce": "https://acme-v02.api.letsencrypt.org/acme/new-nonce",
  "newOrder": "https://acme-v02.api.letsencrypt.org/acme/new-order",
  "renewalInfo": "https://acme-v02.api.letsencrypt.org/acme/renewal-info",
  "revokeCert": "https://acme-v02.api.letsencrypt.org/acme/revoke-cert",
  "tyVd6KNB4GE": "https://community.letsencrypt.org/t/adding-random-entries-to-the-directory/33417"
}
2026-09-13 22:20:49,753:DEBUG:acme.client:Sending GET request to https://acme-v02.api.letsencrypt.org/acme/renewal-info/uyDKRwv-1-Wc-Y8JKqOMN0WxvNg.BYWNXVz7picPCAGc_jrRNH_9.
2026-09-13 22:20:49,966:DEBUG:urllib3.connectionpool:https://acme-v02.api.letsencrypt.org:443 "GET /acme/renewal-info/uyDKRwv-1-Wc-Y8JKqOMN0WxvNg.BYWNXVz7picPCAGc_jrRNH_9 HTTP/1.1" 200 101
2026-09-13 22:20:49,968:DEBUG:acme.client:Received response:
HTTP 200
Server: nginx
Date: Sun, 13 Sep 2026 22:20:49 GMT
Content-Type: application/json
Content-Length: 101
Connection: keep-alive
Cache-Control: public, max-age=0, no-cache
Link: <https://acme-v02.api.letsencrypt.org/directory>;rel="index"
Retry-After: 24111
X-Frame-Options: DENY
Strict-Transport-Security: max-age=604800

{
  "suggestedWindow": {
    "start": "2026-11-11T23:19:55Z",
    "end": "2026-11-13T18:30:44Z"
  }
}
2026-09-13 22:20:49,972:INFO:certbot._internal.ocsp:Cannot extract OCSP URI from /etc/letsencrypt/archive/sensorhub.andy.net.ar/cert1.pem
2026-09-13 22:20:49,973:DEBUG:certbot._internal.display.obj:Notifying user: Certificate not yet due for renewal
2026-09-13 22:20:49,977:INFO:certbot._internal.main:Keeping the existing certificate
2026-09-13 22:20:49,977:DEBUG:certbot._internal.display.obj:Notifying user: Certificate not yet due for renewal; no action taken.
